---
source: src/parsers/mail_parser.rs
expression: "node_or_cell_name(\"23\")"
---
Err(
    Error(
        Base {
            location: "23",
            kind: Expected(
                Alpha,
            ),
        },
    ),
)
