---
source: src/parsers/mail_parser.rs
expression: "comment_or_line_ending(\"%\\n\")"
---
Ok(
    (
        "",
        (),
    ),
)
