---
source: src/mail_parser.rs
expression: "cell_type_tag(\"PYRAM13\")"
---
Ok(
    (
        "",
        PYRAM13,
    ),
)
