---
source: src/parsers/mail_parser.rs
expression: "cell_type_tag(\"QUAD8\")"
---
Ok(
    (
        "",
        QUAD8,
    ),
)
