---
source: src/parsers/mail_parser.rs
expression: "useless_line(\" \\t  \\n\")"
---
Ok(
    (
        "",
        (),
    ),
)
