---
source: src/mail_parser.rs
expression: "node_3d_coords(\"1 2 3\")"
---
Ok(
    (
        "",
        [
            1.0,
            2.0,
            3.0,
        ],
    ),
)
