---
source: src/mail_parser.rs
expression: "group_name(\"aaaaaaa\")"
---
Ok(
    (
        "",
        "aaaaaaa",
    ),
)
