---
source: src/mail_parser.rs
expression: "useless_line(\" \\t%ble\\n\")"
---
Ok(
    (
        "",
        (),
    ),
)
