---
source: src/mail_parser.rs
expression: "comment_or_line_ending(\"%ble\\n\")"
---
Ok(
    (
        "",
        (),
    ),
)
