---
source: src/parsers/mail_parser.rs
expression: "cell_type_tag(\"QUAD9\")"
---
Ok(
    (
        "",
        QUAD9,
    ),
)
