---
source: src/mail_parser.rs
expression: "useless_line(\"\\n\")"
---
Ok(
    (
        "",
        (),
    ),
)
