---
source: src/mail_parser.rs
expression: "cell_type_tag(\"TRIA3\")"
---
Ok(
    (
        "",
        TRIA3,
    ),
)
