---
source: src/mail_parser.rs
expression: "group_name(\"aa1a_Aaaa\")"
---
Ok(
    (
        "",
        "aa1a_Aaaa",
    ),
)
