---
source: src/mail_parser.rs
expression: "end_section_tag(\"FINSF\")"
---
Ok(
    (
        "",
        "FINSF",
    ),
)
