---
source: src/mail_parser.rs
expression: "cell_type_tag(\"SEG4\")"
---
Ok(
    (
        "",
        SEG4,
    ),
)
