---
source: src/mail_parser.rs
expression: "cell_type_tag(\"HEXA8\")"
---
Ok(
    (
        "",
        HEXA8,
    ),
)
