---
source: src/mail_parser.rs
expression: "cell_type_tag(\"TETRA10\")"
---
Ok(
    (
        "",
        TETRA10,
    ),
)
