---
source: src/mail_parser.rs
expression: "cell_type_tag(\"PENTA18\")"
---
Ok(
    (
        "",
        PENTA18,
    ),
)
