---
source: src/mail_parser.rs
expression: "group_name(\"GOP1\")"
---
Ok(
    (
        "",
        "GOP1",
    ),
)
