---
source: src/mail_parser.rs
expression: "start_gma_section(\"GROUP_MA\")"
---
Ok(
    (
        "",
        Cell,
    ),
)
