---
source: src/mail_parser.rs
expression: "cell_type_tag(\"PENTA6\")"
---
Ok(
    (
        "",
        PENTA6,
    ),
)
