---
source: src/mail_parser.rs
expression: "peol_comment(\"%bla\")"
---
Ok(
    (
        "",
        (),
    ),
)
