---
source: src/mail_parser.rs
expression: "node_description(\"N12 1,2  23.3 233\")"
---
Err(
    Error(
        Error {
            input: ",2  23.3 233",
            code: MultiSpace,
        },
    ),
)
