---
source: src/mail_parser.rs
expression: "split_on_comment(\"C%bla\\n\")"
---
Ok(
    (
        "\n",
        [
            "C",
        ],
    ),
)
