---
source: src/mail_parser.rs
expression: "node_name(\"23\")"
---
Err(
    Error(
        Error {
            input: "23",
            code: Alpha,
        },
    ),
)
